2026-09-30 13:28:06,749 DEBUG    root            Loaded Command Group: ['gcloud', 'components']
2026-09-30 13:28:06,838 DEBUG    root            Loaded Command Group: ['gcloud', 'components', 'update']
2026-09-30 13:28:06,843 DEBUG    root            Running [gcloud.components.update] with arguments: [--quiet: "True", COMPONENT-IDS:8: "['gcloud', 'core', 'bq', 'gsutil', 'compute', 'preview', 'alpha', 'beta']"]
2026-09-30 13:28:06,844 DEBUG    root            On GCE from disk cache: False
2026-09-30 13:28:06,845 INFO     ___FILE_ONLY___ Beginning update. This process may take several minutes.

2026-09-30 13:28:06,848 DEBUG    root            On GCE from memory cache: False
2026-09-30 13:28:06,850 DEBUG    root            On GCE from memory cache: False
2026-09-30 13:28:06,853 DEBUG    urllib3.connectionpool Starting new HTTPS connection (1): dl.google.com:443
2026-09-30 13:28:06,875 DEBUG    urllib3.connectionpool https://dl.google.com:443 "GET /dl/cloudsdk/channels/rapid/components-2.json HTTP/1.1" 200 26599
2026-09-30 13:28:06,899 WARNING  root            Component [compute] no longer exists.
2026-09-30 13:28:06,900 INFO     ___FILE_ONLY___ 

2026-09-30 13:28:06,901 INFO     ___FILE_ONLY___ 
Your current Google Cloud CLI version is: 587.0.0

2026-09-30 13:28:06,902 INFO     ___FILE_ONLY___ Installing components from version: 587.0.0

2026-09-30 13:28:06,902 INFO     ___FILE_ONLY___ 

2026-09-30 13:28:06,902 DEBUG    root            Chosen display Format:table[box,title="These components will be removed."](details.display_name:label=Name:align=left,version.version_string:label=Version:align=right,data.size.size(zero="",min=1048576):label=Size:align=right)
2026-09-30 13:28:06,904 DEBUG    root            Chosen display Format:table[box,title="These components will be updated."](details.display_name:label=Name:align=left,version.version_string:label=Version:align=right,data.size.size(zero="",min=1048576):label=Size:align=right)
2026-09-30 13:28:06,904 DEBUG    root            Chosen display Format:table[box,title="These components will be installed."](details.display_name:label=Name:align=left,version.version_string:label=Version:align=right,data.size.size(zero="",min=1048576):label=Size:align=right)
2026-09-30 13:28:06,941 INFO     ___FILE_ONLY___ ┌────────────────────────────────────────────────┐
2026-09-30 13:28:06,941 INFO     ___FILE_ONLY___ 

2026-09-30 13:28:06,941 INFO     ___FILE_ONLY___ │      These components will be installed.       │
2026-09-30 13:28:06,941 INFO     ___FILE_ONLY___ 

2026-09-30 13:28:06,941 INFO     ___FILE_ONLY___ ├─────────────────────────┬────────────┬─────────┤
2026-09-30 13:28:06,941 INFO     ___FILE_ONLY___ 

2026-09-30 13:28:06,941 INFO     ___FILE_ONLY___ │           Name          │  Version   │   Size  │
2026-09-30 13:28:06,941 INFO     ___FILE_ONLY___ 

2026-09-30 13:28:06,941 INFO     ___FILE_ONLY___ ├─────────────────────────┼────────────┼─────────┤
2026-09-30 13:28:06,941 INFO     ___FILE_ONLY___ 

2026-09-30 13:28:06,941 INFO     ___FILE_ONLY___ │ 
2026-09-30 13:28:06,941 INFO     ___FILE_ONLY___ gcloud Alpha Commands  
2026-09-30 13:28:06,942 INFO     ___FILE_ONLY___  
2026-09-30 13:28:06,942 INFO     ___FILE_ONLY___ │ 
2026-09-30 13:28:06,942 INFO     ___FILE_ONLY___ 2026.09.25
2026-09-30 13:28:06,942 INFO     ___FILE_ONLY___  
2026-09-30 13:28:06,942 INFO     ___FILE_ONLY___ │ 
2026-09-30 13:28:06,942 INFO     ___FILE_ONLY___ < 1 MiB
2026-09-30 13:28:06,942 INFO     ___FILE_ONLY___  
2026-09-30 13:28:06,942 INFO     ___FILE_ONLY___ │
2026-09-30 13:28:06,942 INFO     ___FILE_ONLY___ 

2026-09-30 13:28:06,942 INFO     ___FILE_ONLY___ │ 
2026-09-30 13:28:06,942 INFO     ___FILE_ONLY___ gcloud Beta Commands   
2026-09-30 13:28:06,942 INFO     ___FILE_ONLY___  
2026-09-30 13:28:06,942 INFO     ___FILE_ONLY___ │ 
2026-09-30 13:28:06,942 INFO     ___FILE_ONLY___ 2026.09.25
2026-09-30 13:28:06,942 INFO     ___FILE_ONLY___  
2026-09-30 13:28:06,942 INFO     ___FILE_ONLY___ │ 
2026-09-30 13:28:06,942 INFO     ___FILE_ONLY___ < 1 MiB
2026-09-30 13:28:06,942 INFO     ___FILE_ONLY___  
2026-09-30 13:28:06,943 INFO     ___FILE_ONLY___ │
2026-09-30 13:28:06,943 INFO     ___FILE_ONLY___ 

2026-09-30 13:28:06,943 INFO     ___FILE_ONLY___ │ 
2026-09-30 13:28:06,943 INFO     ___FILE_ONLY___ gcloud Preview Commands
2026-09-30 13:28:06,943 INFO     ___FILE_ONLY___  
2026-09-30 13:28:06,943 INFO     ___FILE_ONLY___ │ 
2026-09-30 13:28:06,943 INFO     ___FILE_ONLY___ 2026.09.25
2026-09-30 13:28:06,943 INFO     ___FILE_ONLY___  
2026-09-30 13:28:06,943 INFO     ___FILE_ONLY___ │ 
2026-09-30 13:28:06,943 INFO     ___FILE_ONLY___ < 1 MiB
2026-09-30 13:28:06,943 INFO     ___FILE_ONLY___  
2026-09-30 13:28:06,943 INFO     ___FILE_ONLY___ │
2026-09-30 13:28:06,943 INFO     ___FILE_ONLY___ 

2026-09-30 13:28:06,943 INFO     ___FILE_ONLY___ └─────────────────────────┴────────────┴─────────┘
2026-09-30 13:28:06,944 INFO     ___FILE_ONLY___ 

2026-09-30 13:28:06,944 INFO     ___FILE_ONLY___ 

2026-09-30 13:28:06,946 DEBUG    root            On GCE from memory cache: False
2026-09-30 13:28:06,948 DEBUG    root            On GCE from memory cache: False
2026-09-30 13:28:06,950 DEBUG    urllib3.connectionpool Starting new HTTPS connection (1): dl.google.com:443
2026-09-30 13:28:06,966 DEBUG    urllib3.connectionpool https://dl.google.com:443 "GET /dl/cloudsdk/channels/rapid/RELEASE_NOTES HTTP/1.1" 200 407785
2026-09-30 13:28:08,161 INFO     ___FILE_ONLY___ For the latest full release notes, please visit:
  https://cloud.google.com/sdk/release_notes


2026-09-30 13:28:08,162 INFO     ___FILE_ONLY___ Performing in place update...


2026-09-30 13:28:08,166 INFO     ___FILE_ONLY___ ╔════════════════════════════════════════════════════════════╗

2026-09-30 13:28:08,166 INFO     ___FILE_ONLY___ ╠═ Downloading: gcloud Alpha Commands                       ═╣

2026-09-30 13:28:08,166 INFO     ___FILE_ONLY___ ╚
2026-09-30 13:28:08,168 DEBUG    root            On GCE from memory cache: False
2026-09-30 13:28:08,170 DEBUG    root            On GCE from memory cache: False
2026-09-30 13:28:08,172 DEBUG    urllib3.connectionpool Starting new HTTPS connection (1): dl.google.com:443
2026-09-30 13:28:08,188 DEBUG    urllib3.connectionpool https://dl.google.com:443 "GET /dl/cloudsdk/channels/rapid/components/google-cloud-sdk-alpha-20260925073854.tar.gz HTTP/1.1" 200 761
2026-09-30 13:28:08,188 INFO     ___FILE_ONLY___ ════════════════════════════════════════════════════════════
2026-09-30 13:28:08,189 INFO     ___FILE_ONLY___ ╝

2026-09-30 13:28:08,192 INFO     ___FILE_ONLY___ ╔════════════════════════════════════════════════════════════╗

2026-09-30 13:28:08,192 INFO     ___FILE_ONLY___ ╠═ Downloading: gcloud Beta Commands                        ═╣

2026-09-30 13:28:08,192 INFO     ___FILE_ONLY___ ╚
2026-09-30 13:28:08,194 DEBUG    root            On GCE from memory cache: False
2026-09-30 13:28:08,196 DEBUG    root            On GCE from memory cache: False
2026-09-30 13:28:08,199 DEBUG    urllib3.connectionpool Starting new HTTPS connection (1): dl.google.com:443
2026-09-30 13:28:08,214 DEBUG    urllib3.connectionpool https://dl.google.com:443 "GET /dl/cloudsdk/channels/rapid/components/google-cloud-sdk-beta-20260925073854.tar.gz HTTP/1.1" 200 758
2026-09-30 13:28:08,216 INFO     ___FILE_ONLY___ ════════════════════════════════════════════════════════════
2026-09-30 13:28:08,216 INFO     ___FILE_ONLY___ ╝

2026-09-30 13:28:08,219 INFO     ___FILE_ONLY___ ╔════════════════════════════════════════════════════════════╗

2026-09-30 13:28:08,220 INFO     ___FILE_ONLY___ ╠═ Downloading: gcloud Preview Commands                     ═╣

2026-09-30 13:28:08,220 INFO     ___FILE_ONLY___ ╚
2026-09-30 13:28:08,221 DEBUG    root            On GCE from memory cache: False
2026-09-30 13:28:08,224 DEBUG    root            On GCE from memory cache: False
2026-09-30 13:28:08,226 DEBUG    urllib3.connectionpool Starting new HTTPS connection (1): dl.google.com:443
2026-09-30 13:28:08,307 DEBUG    urllib3.connectionpool https://dl.google.com:443 "GET /dl/cloudsdk/channels/rapid/components/google-cloud-sdk-preview-20260925073854.tar.gz HTTP/1.1" 200 782
2026-09-30 13:28:08,308 INFO     ___FILE_ONLY___ ════════════════════════════════════════════════════════════
2026-09-30 13:28:08,308 INFO     ___FILE_ONLY___ ╝

2026-09-30 13:28:08,312 INFO     ___FILE_ONLY___ ╔════════════════════════════════════════════════════════════╗

2026-09-30 13:28:08,312 INFO     ___FILE_ONLY___ ╠═ Installing: gcloud Alpha Commands                        ═╣

2026-09-30 13:28:08,312 INFO     ___FILE_ONLY___ ╚
2026-09-30 13:28:08,314 INFO     ___FILE_ONLY___ ════════════════════════════════════════════════════════════
2026-09-30 13:28:08,314 INFO     ___FILE_ONLY___ ╝

2026-09-30 13:28:08,324 INFO     ___FILE_ONLY___ ╔════════════════════════════════════════════════════════════╗

2026-09-30 13:28:08,324 INFO     ___FILE_ONLY___ ╠═ Installing: gcloud Beta Commands                         ═╣

2026-09-30 13:28:08,325 INFO     ___FILE_ONLY___ ╚
2026-09-30 13:28:08,326 INFO     ___FILE_ONLY___ ════════════════════════════════════════════════════════════
2026-09-30 13:28:08,326 INFO     ___FILE_ONLY___ ╝

2026-09-30 13:28:08,332 INFO     ___FILE_ONLY___ ╔════════════════════════════════════════════════════════════╗

2026-09-30 13:28:08,332 INFO     ___FILE_ONLY___ ╠═ Installing: gcloud Preview Commands                      ═╣

2026-09-30 13:28:08,333 INFO     ___FILE_ONLY___ ╚
2026-09-30 13:28:08,333 INFO     ___FILE_ONLY___ ════════════════════════════════════════════════════════════
2026-09-30 13:28:08,333 INFO     ___FILE_ONLY___ ╝

2026-09-30 13:28:08,343 DEBUG    root            Updating notification cache...
2026-09-30 13:28:08,343 INFO     ___FILE_ONLY___ 

2026-09-30 13:28:08,345 INFO     ___FILE_ONLY___ Performing post processing steps...
2026-09-30 13:28:08,347 DEBUG    root            Executing command: ['/tools/google-cloud-sdk/bin/gcloud', 'components', 'post-process']
2026-09-30 13:28:19,466 DEBUG    ___FILE_ONLY___ 
2026-09-30 13:28:19,466 DEBUG    ___FILE_ONLY___ 
2026-09-30 13:28:19,614 INFO     root            descriptor_list: [{'universeDomain': 'googleapis.com', 'universeShortName': '', 'authenticationDomain': 'auth.cloud.google.com', 'projectPrefix': '', 'cloudWebDomain': 'cloud.google.com', 'documentationDomain': 'cloud.google.com', 'version': '1.0.0', 'state': 'primary', 'artifactRegistryDomain': 'pkg.dev'}]
2026-09-30 13:28:19,615 INFO     ___FILE_ONLY___ 
Update done!


2026-09-30 13:28:19,617 DEBUG    root            Chosen display Format:none
2026-09-30 13:28:19,617 INFO     root            Display format: "none"
