2026-09-30 13:27:22,331 DEBUG    root            Failed to read GCE cache file: [Errno 2] No such file or directory: '/content/.config/gce'
2026-09-30 13:27:40,727 DEBUG    root            Failed to check metadata server: <urlopen error timed out>
2026-09-30 13:27:40,733 DEBUG    root            Loaded Command Group: ['gcloud', 'components']
2026-09-30 13:27:40,744 DEBUG    root            Loaded Command Group: ['gcloud', 'components', 'update']
2026-09-30 13:27:40,750 DEBUG    root            Running [gcloud.components.update] with arguments: [--compile-python: "True", --quiet: "True", COMPONENT-IDS:6: "['core', 'gcloud-deps', 'bq', 'gcloud', 'gcloud-crc32c', 'gsutil']"]
2026-09-30 13:27:40,753 INFO     ___FILE_ONLY___ Beginning update. This process may take several minutes.

2026-09-30 13:27:40,780 DEBUG    root            On GCE from memory cache: False
2026-09-30 13:27:40,787 DEBUG    root            On GCE from memory cache: False
2026-09-30 13:27:40,793 DEBUG    urllib3.connectionpool Starting new HTTPS connection (1): dl.google.com:443
2026-09-30 13:27:40,813 DEBUG    urllib3.connectionpool https://dl.google.com:443 "GET /dl/cloudsdk/channels/rapid/components-2.json HTTP/1.1" 200 26599
2026-09-30 13:27:40,862 INFO     ___FILE_ONLY___ 

2026-09-30 13:27:40,863 INFO     ___FILE_ONLY___ 
Your current Google Cloud CLI version is: 587.0.0

2026-09-30 13:27:40,863 INFO     ___FILE_ONLY___ Installing components from version: 587.0.0

2026-09-30 13:27:40,864 INFO     ___FILE_ONLY___ 

2026-09-30 13:27:40,864 DEBUG    root            Chosen display Format:table[box,title="These components will be removed."](details.display_name:label=Name:align=left,version.version_string:label=Version:align=right,data.size.size(zero="",min=1048576):label=Size:align=right)
2026-09-30 13:27:40,865 DEBUG    root            Chosen display Format:table[box,title="These components will be updated."](details.display_name:label=Name:align=left,version.version_string:label=Version:align=right,data.size.size(zero="",min=1048576):label=Size:align=right)
2026-09-30 13:27:40,867 DEBUG    root            Chosen display Format:table[box,title="These components will be installed."](details.display_name:label=Name:align=left,version.version_string:label=Version:align=right,data.size.size(zero="",min=1048576):label=Size:align=right)
2026-09-30 13:27:41,008 INFO     ___FILE_ONLY___ ┌─────────────────────────────────────────────────────────────────────────────┐
2026-09-30 13:27:41,009 INFO     ___FILE_ONLY___ 

2026-09-30 13:27:41,009 INFO     ___FILE_ONLY___ │                     These components will be installed.                     │
2026-09-30 13:27:41,009 INFO     ___FILE_ONLY___ 

2026-09-30 13:27:41,009 INFO     ___FILE_ONLY___ ├─────────────────────────────────────────────────────┬────────────┬──────────┤
2026-09-30 13:27:41,009 INFO     ___FILE_ONLY___ 

2026-09-30 13:27:41,009 INFO     ___FILE_ONLY___ │                         Name                        │  Version   │   Size   │
2026-09-30 13:27:41,010 INFO     ___FILE_ONLY___ 

2026-09-30 13:27:41,010 INFO     ___FILE_ONLY___ ├─────────────────────────────────────────────────────┼────────────┼──────────┤
2026-09-30 13:27:41,010 INFO     ___FILE_ONLY___ 

2026-09-30 13:27:41,010 INFO     ___FILE_ONLY___ │ 
2026-09-30 13:27:41,010 INFO     ___FILE_ONLY___ BigQuery Command Line Tool                         
2026-09-30 13:27:41,011 INFO     ___FILE_ONLY___  
2026-09-30 13:27:41,011 INFO     ___FILE_ONLY___ │ 
2026-09-30 13:27:41,012 INFO     ___FILE_ONLY___     2.1.39
2026-09-30 13:27:41,012 INFO     ___FILE_ONLY___  
2026-09-30 13:27:41,012 INFO     ___FILE_ONLY___ │ 
2026-09-30 13:27:41,012 INFO     ___FILE_ONLY___  2.2 MiB
2026-09-30 13:27:41,013 INFO     ___FILE_ONLY___  
2026-09-30 13:27:41,013 INFO     ___FILE_ONLY___ │
2026-09-30 13:27:41,013 INFO     ___FILE_ONLY___ 

2026-09-30 13:27:41,013 INFO     ___FILE_ONLY___ │ 
2026-09-30 13:27:41,014 INFO     ___FILE_ONLY___ BigQuery Command Line Tool (Platform Specific)     
2026-09-30 13:27:41,014 INFO     ___FILE_ONLY___  
2026-09-30 13:27:41,014 INFO     ___FILE_ONLY___ │ 
2026-09-30 13:27:41,014 INFO     ___FILE_ONLY___     2.1.32
2026-09-30 13:27:41,015 INFO     ___FILE_ONLY___  
2026-09-30 13:27:41,015 INFO     ___FILE_ONLY___ │ 
2026-09-30 13:27:41,015 INFO     ___FILE_ONLY___  < 1 MiB
2026-09-30 13:27:41,015 INFO     ___FILE_ONLY___  
2026-09-30 13:27:41,016 INFO     ___FILE_ONLY___ │
2026-09-30 13:27:41,016 INFO     ___FILE_ONLY___ 

2026-09-30 13:27:41,016 INFO     ___FILE_ONLY___ │ 
2026-09-30 13:27:41,016 INFO     ___FILE_ONLY___ Bundled Python 3.14 (Platform Specific)            
2026-09-30 13:27:41,016 INFO     ___FILE_ONLY___  
2026-09-30 13:27:41,016 INFO     ___FILE_ONLY___ │ 
2026-09-30 13:27:41,017 INFO     ___FILE_ONLY___     3.14.7
2026-09-30 13:27:41,017 INFO     ___FILE_ONLY___  
2026-09-30 13:27:41,017 INFO     ___FILE_ONLY___ │ 
2026-09-30 13:27:41,017 INFO     ___FILE_ONLY___ 32.6 MiB
2026-09-30 13:27:41,017 INFO     ___FILE_ONLY___  
2026-09-30 13:27:41,017 INFO     ___FILE_ONLY___ │
2026-09-30 13:27:41,017 INFO     ___FILE_ONLY___ 

2026-09-30 13:27:41,017 INFO     ___FILE_ONLY___ │ 
2026-09-30 13:27:41,018 INFO     ___FILE_ONLY___ Cloud Storage Command Line Tool                    
2026-09-30 13:27:41,018 INFO     ___FILE_ONLY___  
2026-09-30 13:27:41,018 INFO     ___FILE_ONLY___ │ 
2026-09-30 13:27:41,018 INFO     ___FILE_ONLY___       5.37
2026-09-30 13:27:41,019 INFO     ___FILE_ONLY___  
2026-09-30 13:27:41,019 INFO     ___FILE_ONLY___ │ 
2026-09-30 13:27:41,019 INFO     ___FILE_ONLY___ 12.4 MiB
2026-09-30 13:27:41,019 INFO     ___FILE_ONLY___  
2026-09-30 13:27:41,019 INFO     ___FILE_ONLY___ │
2026-09-30 13:27:41,020 INFO     ___FILE_ONLY___ 

2026-09-30 13:27:41,020 INFO     ___FILE_ONLY___ │ 
2026-09-30 13:27:41,020 INFO     ___FILE_ONLY___ Cloud Storage Command Line Tool (Platform Specific)
2026-09-30 13:27:41,020 INFO     ___FILE_ONLY___  
2026-09-30 13:27:41,021 INFO     ___FILE_ONLY___ │ 
2026-09-30 13:27:41,021 INFO     ___FILE_ONLY___       5.37
2026-09-30 13:27:41,021 INFO     ___FILE_ONLY___  
2026-09-30 13:27:41,021 INFO     ___FILE_ONLY___ │ 
2026-09-30 13:27:41,021 INFO     ___FILE_ONLY___  < 1 MiB
2026-09-30 13:27:41,022 INFO     ___FILE_ONLY___  
2026-09-30 13:27:41,022 INFO     ___FILE_ONLY___ │
2026-09-30 13:27:41,022 INFO     ___FILE_ONLY___ 

2026-09-30 13:27:41,022 INFO     ___FILE_ONLY___ │ 
2026-09-30 13:27:41,023 INFO     ___FILE_ONLY___ Default set of gcloud commands (Platform Specific) 
2026-09-30 13:27:41,023 INFO     ___FILE_ONLY___  
2026-09-30 13:27:41,023 INFO     ___FILE_ONLY___ │ 
2026-09-30 13:27:41,023 INFO     ___FILE_ONLY___ 2026.07.10
2026-09-30 13:27:41,023 INFO     ___FILE_ONLY___  
2026-09-30 13:27:41,023 INFO     ___FILE_ONLY___ │ 
2026-09-30 13:27:41,023 INFO     ___FILE_ONLY___  < 1 MiB
2026-09-30 13:27:41,023 INFO     ___FILE_ONLY___  
2026-09-30 13:27:41,023 INFO     ___FILE_ONLY___ │
2026-09-30 13:27:41,024 INFO     ___FILE_ONLY___ 

2026-09-30 13:27:41,024 INFO     ___FILE_ONLY___ │ 
2026-09-30 13:27:41,024 INFO     ___FILE_ONLY___ Google Cloud CLI Core Libraries (Platform Specific)
2026-09-30 13:27:41,024 INFO     ___FILE_ONLY___  
2026-09-30 13:27:41,024 INFO     ___FILE_ONLY___ │ 
2026-09-30 13:27:41,025 INFO     ___FILE_ONLY___ 2026.06.05
2026-09-30 13:27:41,025 INFO     ___FILE_ONLY___  
2026-09-30 13:27:41,025 INFO     ___FILE_ONLY___ │ 
2026-09-30 13:27:41,025 INFO     ___FILE_ONLY___  < 1 MiB
2026-09-30 13:27:41,026 INFO     ___FILE_ONLY___  
2026-09-30 13:27:41,026 INFO     ___FILE_ONLY___ │
2026-09-30 13:27:41,026 INFO     ___FILE_ONLY___ 

2026-09-30 13:27:41,026 INFO     ___FILE_ONLY___ │ 
2026-09-30 13:27:41,026 INFO     ___FILE_ONLY___ Google Cloud CRC32C Hash Tool (Platform Specific)  
2026-09-30 13:27:41,027 INFO     ___FILE_ONLY___  
2026-09-30 13:27:41,027 INFO     ___FILE_ONLY___ │ 
2026-09-30 13:27:41,027 INFO     ___FILE_ONLY___      1.0.0
2026-09-30 13:27:41,027 INFO     ___FILE_ONLY___  
2026-09-30 13:27:41,027 INFO     ___FILE_ONLY___ │ 
2026-09-30 13:27:41,028 INFO     ___FILE_ONLY___  1.5 MiB
2026-09-30 13:27:41,028 INFO     ___FILE_ONLY___  
2026-09-30 13:27:41,028 INFO     ___FILE_ONLY___ │
2026-09-30 13:27:41,028 INFO     ___FILE_ONLY___ 

2026-09-30 13:27:41,028 INFO     ___FILE_ONLY___ │ 
2026-09-30 13:27:41,028 INFO     ___FILE_ONLY___ gcloud cli dependencies (Platform Specific)        
2026-09-30 13:27:41,029 INFO     ___FILE_ONLY___  
2026-09-30 13:27:41,029 INFO     ___FILE_ONLY___ │ 
2026-09-30 13:27:41,029 INFO     ___FILE_ONLY___ 2021.04.16
2026-09-30 13:27:41,029 INFO     ___FILE_ONLY___  
2026-09-30 13:27:41,030 INFO     ___FILE_ONLY___ │ 
2026-09-30 13:27:41,030 INFO     ___FILE_ONLY___  < 1 MiB
2026-09-30 13:27:41,030 INFO     ___FILE_ONLY___  
2026-09-30 13:27:41,030 INFO     ___FILE_ONLY___ │
2026-09-30 13:27:41,030 INFO     ___FILE_ONLY___ 

2026-09-30 13:27:41,031 INFO     ___FILE_ONLY___ └─────────────────────────────────────────────────────┴────────────┴──────────┘
2026-09-30 13:27:41,031 INFO     ___FILE_ONLY___ 

2026-09-30 13:27:41,031 INFO     ___FILE_ONLY___ 

2026-09-30 13:27:41,034 DEBUG    root            On GCE from memory cache: False
2026-09-30 13:27:41,037 DEBUG    root            On GCE from memory cache: False
2026-09-30 13:27:41,042 DEBUG    urllib3.connectionpool Starting new HTTPS connection (1): dl.google.com:443
2026-09-30 13:27:41,062 DEBUG    urllib3.connectionpool https://dl.google.com:443 "GET /dl/cloudsdk/channels/rapid/RELEASE_NOTES HTTP/1.1" 200 407785
2026-09-30 13:27:42,734 INFO     ___FILE_ONLY___ For the latest full release notes, please visit:
  https://cloud.google.com/sdk/release_notes


2026-09-30 13:27:42,736 INFO     ___FILE_ONLY___ Performing in place update...


2026-09-30 13:27:42,741 INFO     ___FILE_ONLY___ ╔════════════════════════════════════════════════════════════╗

2026-09-30 13:27:42,741 INFO     ___FILE_ONLY___ ╠═ Downloading: BigQuery Command Line Tool                  ═╣

2026-09-30 13:27:42,742 INFO     ___FILE_ONLY___ ╚
2026-09-30 13:27:42,744 DEBUG    root            On GCE from memory cache: False
2026-09-30 13:27:42,747 DEBUG    root            On GCE from memory cache: False
2026-09-30 13:27:42,750 DEBUG    urllib3.connectionpool Starting new HTTPS connection (1): dl.google.com:443
2026-09-30 13:27:42,769 DEBUG    urllib3.connectionpool https://dl.google.com:443 "GET /dl/cloudsdk/channels/rapid/components/google-cloud-sdk-bq-20260925073854.tar.gz HTTP/1.1" 200 2295342
2026-09-30 13:27:42,817 INFO     ___FILE_ONLY___ ═
2026-09-30 13:27:42,817 INFO     ___FILE_ONLY___ ═
2026-09-30 13:27:42,817 INFO     ___FILE_ONLY___ ═
2026-09-30 13:27:42,817 INFO     ___FILE_ONLY___ ═
2026-09-30 13:27:42,818 INFO     ___FILE_ONLY___ ═
2026-09-30 13:27:42,818 INFO     ___FILE_ONLY___ ═
2026-09-30 13:27:42,819 INFO     ___FILE_ONLY___ ═
2026-09-30 13:27:42,819 INFO     ___FILE_ONLY___ ═
2026-09-30 13:27:42,819 INFO     ___FILE_ONLY___ ═
2026-09-30 13:27:42,820 INFO     ___FILE_ONLY___ ═
2026-09-30 13:27:42,820 INFO     ___FILE_ONLY___ ═
2026-09-30 13:27:42,821 INFO     ___FILE_ONLY___ ═
2026-09-30 13:27:42,821 INFO     ___FILE_ONLY___ ═
2026-09-30 13:27:42,821 INFO     ___FILE_ONLY___ ═
2026-09-30 13:27:42,822 INFO     ___FILE_ONLY___ ═
2026-09-30 13:27:42,822 INFO     ___FILE_ONLY___ ═
2026-09-30 13:27:42,822 INFO     ___FILE_ONLY___ ═
2026-09-30 13:27:42,822 INFO     ___FILE_ONLY___ ═
2026-09-30 13:27:42,823 INFO     ___FILE_ONLY___ ═
2026-09-30 13:27:42,823 INFO     ___FILE_ONLY___ ═
2026-09-30 13:27:42,824 INFO     ___FILE_ONLY___ ═
2026-09-30 13:27:42,824 INFO     ___FILE_ONLY___ ═
2026-09-30 13:27:42,825 INFO     ___FILE_ONLY___ ═
2026-09-30 13:27:42,825 INFO     ___FILE_ONLY___ ═
2026-09-30 13:27:42,825 INFO     ___FILE_ONLY___ ═
2026-09-30 13:27:42,826 INFO     ___FILE_ONLY___ ═
2026-09-30 13:27:42,826 INFO     ___FILE_ONLY___ ═
2026-09-30 13:27:42,826 INFO     ___FILE_ONLY___ ═
2026-09-30 13:27:42,827 INFO     ___FILE_ONLY___ ═
2026-09-30 13:27:42,827 INFO     ___FILE_ONLY___ ═
2026-09-30 13:27:42,828 INFO     ___FILE_ONLY___ ═
2026-09-30 13:27:42,828 INFO     ___FILE_ONLY___ ═
2026-09-30 13:27:42,829 INFO     ___FILE_ONLY___ ═
2026-09-30 13:27:42,829 INFO     ___FILE_ONLY___ ═
2026-09-30 13:27:42,829 INFO     ___FILE_ONLY___ ═
2026-09-30 13:27:42,829 INFO     ___FILE_ONLY___ ═
2026-09-30 13:27:42,830 INFO     ___FILE_ONLY___ ═
2026-09-30 13:27:42,830 INFO     ___FILE_ONLY___ ═
2026-09-30 13:27:42,831 INFO     ___FILE_ONLY___ ═
2026-09-30 13:27:42,831 INFO     ___FILE_ONLY___ ═
2026-09-30 13:27:42,832 INFO     ___FILE_ONLY___ ═
2026-09-30 13:27:42,832 INFO     ___FILE_ONLY___ ═
2026-09-30 13:27:42,833 INFO     ___FILE_ONLY___ ═
2026-09-30 13:27:42,833 INFO     ___FILE_ONLY___ ═
2026-09-30 13:27:42,833 INFO     ___FILE_ONLY___ ═
2026-09-30 13:27:42,834 INFO     ___FILE_ONLY___ ═
2026-09-30 13:27:42,834 INFO     ___FILE_ONLY___ ═
2026-09-30 13:27:42,834 INFO     ___FILE_ONLY___ ═
2026-09-30 13:27:42,835 INFO     ___FILE_ONLY___ ═
2026-09-30 13:27:42,835 INFO     ___FILE_ONLY___ ═
2026-09-30 13:27:42,836 INFO     ___FILE_ONLY___ ═
2026-09-30 13:27:42,836 INFO     ___FILE_ONLY___ ═
2026-09-30 13:27:42,837 INFO     ___FILE_ONLY___ ═
2026-09-30 13:27:42,837 INFO     ___FILE_ONLY___ ═
2026-09-30 13:27:42,838 INFO     ___FILE_ONLY___ ═
2026-09-30 13:27:42,838 INFO     ___FILE_ONLY___ ═
2026-09-30 13:27:42,838 INFO     ___FILE_ONLY___ ═
2026-09-30 13:27:42,838 INFO     ___FILE_ONLY___ ═
2026-09-30 13:27:42,839 INFO     ___FILE_ONLY___ ═
2026-09-30 13:27:42,839 INFO     ___FILE_ONLY___ ═
2026-09-30 13:27:42,840 INFO     ___FILE_ONLY___ ╝

2026-09-30 13:27:42,845 INFO     ___FILE_ONLY___ ╔════════════════════════════════════════════════════════════╗

2026-09-30 13:27:42,845 INFO     ___FILE_ONLY___ ╠═ Downloading: BigQuery Command Line Tool (Platform Spe... ═╣

2026-09-30 13:27:42,845 INFO     ___FILE_ONLY___ ╚
2026-09-30 13:27:42,848 DEBUG    root            On GCE from memory cache: False
2026-09-30 13:27:42,851 DEBUG    root            On GCE from memory cache: False
2026-09-30 13:27:42,853 DEBUG    urllib3.connectionpool Starting new HTTPS connection (1): dl.google.com:443
2026-09-30 13:27:42,868 DEBUG    urllib3.connectionpool https://dl.google.com:443 "GET /dl/cloudsdk/channels/rapid/components/google-cloud-sdk-bq-nix-20260605120704.tar.gz HTTP/1.1" 200 1948
2026-09-30 13:27:42,870 INFO     ___FILE_ONLY___ ════════════════════════════════════════════════════════════
2026-09-30 13:27:42,871 INFO     ___FILE_ONLY___ ╝

2026-09-30 13:27:42,874 INFO     ___FILE_ONLY___ ╔════════════════════════════════════════════════════════════╗

2026-09-30 13:27:42,875 INFO     ___FILE_ONLY___ ╠═ Downloading: Bundled Python 3.14                         ═╣

2026-09-30 13:27:42,875 INFO     ___FILE_ONLY___ ╚
2026-09-30 13:27:42,875 INFO     ___FILE_ONLY___ ════════════════════════════════════════════════════════════
2026-09-30 13:27:42,875 INFO     ___FILE_ONLY___ ╝

2026-09-30 13:27:42,880 INFO     ___FILE_ONLY___ ╔════════════════════════════════════════════════════════════╗

2026-09-30 13:27:42,880 INFO     ___FILE_ONLY___ ╠═ Downloading: Bundled Python 3.14 (Platform Specific)     ═╣

2026-09-30 13:27:42,880 INFO     ___FILE_ONLY___ ╚
2026-09-30 13:27:42,883 DEBUG    root            On GCE from memory cache: False
2026-09-30 13:27:42,886 DEBUG    root            On GCE from memory cache: False
2026-09-30 13:27:42,888 DEBUG    urllib3.connectionpool Starting new HTTPS connection (1): dl.google.com:443
2026-09-30 13:27:42,907 DEBUG    urllib3.connectionpool https://dl.google.com:443 "GET /dl/cloudsdk/channels/rapid/components/google-cloud-sdk-bundled-python3-unix-linux-x86_64-20260925073854.tar.gz HTTP/1.1" 200 34182950
2026-09-30 13:27:43,264 INFO     ___FILE_ONLY___ ═
2026-09-30 13:27:43,266 INFO     ___FILE_ONLY___ ═
2026-09-30 13:27:43,268 INFO     ___FILE_ONLY___ ═
2026-09-30 13:27:43,269 INFO     ___FILE_ONLY___ ═
2026-09-30 13:27:43,271 INFO     ___FILE_ONLY___ ═
2026-09-30 13:27:43,273 INFO     ___FILE_ONLY___ ═
2026-09-30 13:27:43,275 INFO     ___FILE_ONLY___ ═
2026-09-30 13:27:43,277 INFO     ___FILE_ONLY___ ═
2026-09-30 13:27:43,279 INFO     ___FILE_ONLY___ ═
2026-09-30 13:27:43,281 INFO     ___FILE_ONLY___ ═
2026-09-30 13:27:43,283 INFO     ___FILE_ONLY___ ═
2026-09-30 13:27:43,285 INFO     ___FILE_ONLY___ ═
2026-09-30 13:27:43,286 INFO     ___FILE_ONLY___ ═
2026-09-30 13:27:43,289 INFO     ___FILE_ONLY___ ═
2026-09-30 13:27:43,290 INFO     ___FILE_ONLY___ ═
2026-09-30 13:27:43,292 INFO     ___FILE_ONLY___ ═
2026-09-30 13:27:43,294 INFO     ___FILE_ONLY___ ═
2026-09-30 13:27:43,296 INFO     ___FILE_ONLY___ ═
2026-09-30 13:27:43,298 INFO     ___FILE_ONLY___ ═
2026-09-30 13:27:43,300 INFO     ___FILE_ONLY___ ═
2026-09-30 13:27:43,302 INFO     ___FILE_ONLY___ ═
2026-09-30 13:27:43,303 INFO     ___FILE_ONLY___ ═
2026-09-30 13:27:43,306 INFO     ___FILE_ONLY___ ═
2026-09-30 13:27:43,307 INFO     ___FILE_ONLY___ ═
2026-09-30 13:27:43,309 INFO     ___FILE_ONLY___ ═
2026-09-30 13:27:43,312 INFO     ___FILE_ONLY___ ═
2026-09-30 13:27:43,313 INFO     ___FILE_ONLY___ ═
2026-09-30 13:27:43,316 INFO     ___FILE_ONLY___ ═
2026-09-30 13:27:43,317 INFO     ___FILE_ONLY___ ═
2026-09-30 13:27:43,319 INFO     ___FILE_ONLY___ ═
2026-09-30 13:27:43,321 INFO     ___FILE_ONLY___ ═
2026-09-30 13:27:43,323 INFO     ___FILE_ONLY___ ═
2026-09-30 13:27:43,325 INFO     ___FILE_ONLY___ ═
2026-09-30 13:27:43,327 INFO     ___FILE_ONLY___ ═
2026-09-30 13:27:43,330 INFO     ___FILE_ONLY___ ═
2026-09-30 13:27:43,331 INFO     ___FILE_ONLY___ ═
2026-09-30 13:27:43,333 INFO     ___FILE_ONLY___ ═
2026-09-30 13:27:43,335 INFO     ___FILE_ONLY___ ═
2026-09-30 13:27:43,337 INFO     ___FILE_ONLY___ ═
2026-09-30 13:27:43,339 INFO     ___FILE_ONLY___ ═
2026-09-30 13:27:43,341 INFO     ___FILE_ONLY___ ═
2026-09-30 13:27:43,343 INFO     ___FILE_ONLY___ ═
2026-09-30 13:27:43,344 INFO     ___FILE_ONLY___ ═
2026-09-30 13:27:43,346 INFO     ___FILE_ONLY___ ═
2026-09-30 13:27:43,348 INFO     ___FILE_ONLY___ ═
2026-09-30 13:27:43,351 INFO     ___FILE_ONLY___ ═
2026-09-30 13:27:43,352 INFO     ___FILE_ONLY___ ═
2026-09-30 13:27:43,354 INFO     ___FILE_ONLY___ ═
2026-09-30 13:27:43,356 INFO     ___FILE_ONLY___ ═
2026-09-30 13:27:43,358 INFO     ___FILE_ONLY___ ═
2026-09-30 13:27:43,361 INFO     ___FILE_ONLY___ ═
2026-09-30 13:27:43,362 INFO     ___FILE_ONLY___ ═
2026-09-30 13:27:43,364 INFO     ___FILE_ONLY___ ═
2026-09-30 13:27:43,367 INFO     ___FILE_ONLY___ ═
2026-09-30 13:27:43,370 INFO     ___FILE_ONLY___ ═
2026-09-30 13:27:43,371 INFO     ___FILE_ONLY___ ═
2026-09-30 13:27:43,373 INFO     ___FILE_ONLY___ ═
2026-09-30 13:27:43,375 INFO     ___FILE_ONLY___ ═
2026-09-30 13:27:43,377 INFO     ___FILE_ONLY___ ═
2026-09-30 13:27:43,379 INFO     ___FILE_ONLY___ ═
2026-09-30 13:27:43,380 INFO     ___FILE_ONLY___ ╝

2026-09-30 13:27:43,385 INFO     ___FILE_ONLY___ ╔════════════════════════════════════════════════════════════╗

2026-09-30 13:27:43,386 INFO     ___FILE_ONLY___ ╠═ Downloading: Cloud Storage Command Line Tool             ═╣

2026-09-30 13:27:43,386 INFO     ___FILE_ONLY___ ╚
2026-09-30 13:27:43,389 DEBUG    root            On GCE from memory cache: False
2026-09-30 13:27:43,392 DEBUG    root            On GCE from memory cache: False
2026-09-30 13:27:43,394 DEBUG    urllib3.connectionpool Starting new HTTPS connection (1): dl.google.com:443
2026-09-30 13:27:43,412 DEBUG    urllib3.connectionpool https://dl.google.com:443 "GET /dl/cloudsdk/channels/rapid/components/google-cloud-sdk-gsutil-20260501041631.tar.gz HTTP/1.1" 200 12967034
2026-09-30 13:27:43,551 INFO     ___FILE_ONLY___ ═
2026-09-30 13:27:43,553 INFO     ___FILE_ONLY___ ═
2026-09-30 13:27:43,553 INFO     ___FILE_ONLY___ ═
2026-09-30 13:27:43,554 INFO     ___FILE_ONLY___ ═
2026-09-30 13:27:43,556 INFO     ___FILE_ONLY___ ═
2026-09-30 13:27:43,557 INFO     ___FILE_ONLY___ ═
2026-09-30 13:27:43,557 INFO     ___FILE_ONLY___ ═
2026-09-30 13:27:43,559 INFO     ___FILE_ONLY___ ═
2026-09-30 13:27:43,560 INFO     ___FILE_ONLY___ ═
2026-09-30 13:27:43,561 INFO     ___FILE_ONLY___ ═
2026-09-30 13:27:43,561 INFO     ___FILE_ONLY___ ═
2026-09-30 13:27:43,562 INFO     ___FILE_ONLY___ ═
2026-09-30 13:27:43,564 INFO     ___FILE_ONLY___ ═
2026-09-30 13:27:43,564 INFO     ___FILE_ONLY___ ═
2026-09-30 13:27:43,565 INFO     ___FILE_ONLY___ ═
2026-09-30 13:27:43,566 INFO     ___FILE_ONLY___ ═
2026-09-30 13:27:43,567 INFO     ___FILE_ONLY___ ═
2026-09-30 13:27:43,568 INFO     ___FILE_ONLY___ ═
2026-09-30 13:27:43,569 INFO     ___FILE_ONLY___ ═
2026-09-30 13:27:43,570 INFO     ___FILE_ONLY___ ═
2026-09-30 13:27:43,571 INFO     ___FILE_ONLY___ ═
2026-09-30 13:27:43,572 INFO     ___FILE_ONLY___ ═
2026-09-30 13:27:43,572 INFO     ___FILE_ONLY___ ═
2026-09-30 13:27:43,573 INFO     ___FILE_ONLY___ ═
2026-09-30 13:27:43,575 INFO     ___FILE_ONLY___ ═
2026-09-30 13:27:43,576 INFO     ___FILE_ONLY___ ═
2026-09-30 13:27:43,576 INFO     ___FILE_ONLY___ ═
2026-09-30 13:27:43,577 INFO     ___FILE_ONLY___ ═
2026-09-30 13:27:43,578 INFO     ___FILE_ONLY___ ═
2026-09-30 13:27:43,579 INFO     ___FILE_ONLY___ ═
2026-09-30 13:27:43,580 INFO     ___FILE_ONLY___ ═
2026-09-30 13:27:43,581 INFO     ___FILE_ONLY___ ═
2026-09-30 13:27:43,582 INFO     ___FILE_ONLY___ ═
2026-09-30 13:27:43,583 INFO     ___FILE_ONLY___ ═
2026-09-30 13:27:43,583 INFO     ___FILE_ONLY___ ═
2026-09-30 13:27:43,584 INFO     ___FILE_ONLY___ ═
2026-09-30 13:27:43,586 INFO     ___FILE_ONLY___ ═
2026-09-30 13:27:43,587 INFO     ___FILE_ONLY___ ═
2026-09-30 13:27:43,587 INFO     ___FILE_ONLY___ ═
2026-09-30 13:27:43,588 INFO     ___FILE_ONLY___ ═
2026-09-30 13:27:43,589 INFO     ___FILE_ONLY___ ═
2026-09-30 13:27:43,590 INFO     ___FILE_ONLY___ ═
2026-09-30 13:27:43,591 INFO     ___FILE_ONLY___ ═
2026-09-30 13:27:43,592 INFO     ___FILE_ONLY___ ═
2026-09-30 13:27:43,593 INFO     ___FILE_ONLY___ ═
2026-09-30 13:27:43,594 INFO     ___FILE_ONLY___ ═
2026-09-30 13:27:43,595 INFO     ___FILE_ONLY___ ═
2026-09-30 13:27:43,595 INFO     ___FILE_ONLY___ ═
2026-09-30 13:27:43,596 INFO     ___FILE_ONLY___ ═
2026-09-30 13:27:43,597 INFO     ___FILE_ONLY___ ═
2026-09-30 13:27:43,598 INFO     ___FILE_ONLY___ ═
2026-09-30 13:27:43,599 INFO     ___FILE_ONLY___ ═
2026-09-30 13:27:43,600 INFO     ___FILE_ONLY___ ═
2026-09-30 13:27:43,601 INFO     ___FILE_ONLY___ ═
2026-09-30 13:27:43,602 INFO     ___FILE_ONLY___ ═
2026-09-30 13:27:43,602 INFO     ___FILE_ONLY___ ═
2026-09-30 13:27:43,603 INFO     ___FILE_ONLY___ ═
2026-09-30 13:27:43,604 INFO     ___FILE_ONLY___ ═
2026-09-30 13:27:43,605 INFO     ___FILE_ONLY___ ═
2026-09-30 13:27:43,606 INFO     ___FILE_ONLY___ ═
2026-09-30 13:27:43,606 INFO     ___FILE_ONLY___ ╝

2026-09-30 13:27:43,611 INFO     ___FILE_ONLY___ ╔════════════════════════════════════════════════════════════╗

2026-09-30 13:27:43,612 INFO     ___FILE_ONLY___ ╠═ Downloading: Cloud Storage Command Line Tool (Platfor... ═╣

2026-09-30 13:27:43,612 INFO     ___FILE_ONLY___ ╚
2026-09-30 13:27:43,614 DEBUG    root            On GCE from memory cache: False
2026-09-30 13:27:43,617 DEBUG    root            On GCE from memory cache: False
2026-09-30 13:27:43,620 DEBUG    urllib3.connectionpool Starting new HTTPS connection (1): dl.google.com:443
2026-09-30 13:27:43,636 DEBUG    urllib3.connectionpool https://dl.google.com:443 "GET /dl/cloudsdk/channels/rapid/components/google-cloud-sdk-gsutil-nix-20260605120704.tar.gz HTTP/1.1" 200 1963
2026-09-30 13:27:43,638 INFO     ___FILE_ONLY___ ════════════════════════════════════════════════════════════
2026-09-30 13:27:43,638 INFO     ___FILE_ONLY___ ╝

2026-09-30 13:27:43,642 INFO     ___FILE_ONLY___ ╔════════════════════════════════════════════════════════════╗

2026-09-30 13:27:43,642 INFO     ___FILE_ONLY___ ╠═ Downloading: Default set of gcloud commands              ═╣

2026-09-30 13:27:43,643 INFO     ___FILE_ONLY___ ╚
2026-09-30 13:27:43,643 INFO     ___FILE_ONLY___ ════════════════════════════════════════════════════════════
2026-09-30 13:27:43,643 INFO     ___FILE_ONLY___ ╝

2026-09-30 13:27:43,647 INFO     ___FILE_ONLY___ ╔════════════════════════════════════════════════════════════╗

2026-09-30 13:27:43,647 INFO     ___FILE_ONLY___ ╠═ Downloading: Default set of gcloud commands (Platform... ═╣

2026-09-30 13:27:43,648 INFO     ___FILE_ONLY___ ╚
2026-09-30 13:27:43,650 DEBUG    root            On GCE from memory cache: False
2026-09-30 13:27:43,653 DEBUG    root            On GCE from memory cache: False
2026-09-30 13:27:43,656 DEBUG    urllib3.connectionpool Starting new HTTPS connection (1): dl.google.com:443
2026-09-30 13:27:43,674 DEBUG    urllib3.connectionpool https://dl.google.com:443 "GET /dl/cloudsdk/channels/rapid/components/google-cloud-sdk-gcloud-linux-x86_64-20260710150251.tar.gz HTTP/1.1" 200 99
2026-09-30 13:27:43,675 INFO     ___FILE_ONLY___ ════════════════════════════════════════════════════════════
2026-09-30 13:27:43,676 INFO     ___FILE_ONLY___ ╝

2026-09-30 13:27:43,680 INFO     ___FILE_ONLY___ ╔════════════════════════════════════════════════════════════╗

2026-09-30 13:27:43,680 INFO     ___FILE_ONLY___ ╠═ Downloading: Google Cloud CLI Core Libraries (Platfor... ═╣

2026-09-30 13:27:43,681 INFO     ___FILE_ONLY___ ╚
2026-09-30 13:27:43,682 DEBUG    root            On GCE from memory cache: False
2026-09-30 13:27:43,685 DEBUG    root            On GCE from memory cache: False
2026-09-30 13:27:43,688 DEBUG    urllib3.connectionpool Starting new HTTPS connection (1): dl.google.com:443
2026-09-30 13:27:43,705 DEBUG    urllib3.connectionpool https://dl.google.com:443 "GET /dl/cloudsdk/channels/rapid/components/google-cloud-sdk-core-nix-20260605120704.tar.gz HTTP/1.1" 200 2342
2026-09-30 13:27:43,707 INFO     ___FILE_ONLY___ ════════════════════════════════════════════════════════════
2026-09-30 13:27:43,707 INFO     ___FILE_ONLY___ ╝

2026-09-30 13:27:43,711 INFO     ___FILE_ONLY___ ╔════════════════════════════════════════════════════════════╗

2026-09-30 13:27:43,711 INFO     ___FILE_ONLY___ ╠═ Downloading: Google Cloud CRC32C Hash Tool               ═╣

2026-09-30 13:27:43,711 INFO     ___FILE_ONLY___ ╚
2026-09-30 13:27:43,712 INFO     ___FILE_ONLY___ ════════════════════════════════════════════════════════════
2026-09-30 13:27:43,712 INFO     ___FILE_ONLY___ ╝

2026-09-30 13:27:43,715 INFO     ___FILE_ONLY___ ╔════════════════════════════════════════════════════════════╗

2026-09-30 13:27:43,716 INFO     ___FILE_ONLY___ ╠═ Downloading: Google Cloud CRC32C Hash Tool (Platform ... ═╣

2026-09-30 13:27:43,716 INFO     ___FILE_ONLY___ ╚
2026-09-30 13:27:43,718 DEBUG    root            On GCE from memory cache: False
2026-09-30 13:27:43,721 DEBUG    root            On GCE from memory cache: False
2026-09-30 13:27:43,725 DEBUG    urllib3.connectionpool Starting new HTTPS connection (1): dl.google.com:443
2026-09-30 13:27:43,742 DEBUG    urllib3.connectionpool https://dl.google.com:443 "GET /dl/cloudsdk/channels/rapid/components/google-cloud-sdk-gcloud-crc32c-linux-x86_64-20260821073916.tar.gz HTTP/1.1" 200 1610557
2026-09-30 13:27:43,777 INFO     ___FILE_ONLY___ ═
2026-09-30 13:27:43,777 INFO     ___FILE_ONLY___ ═
2026-09-30 13:27:43,778 INFO     ___FILE_ONLY___ ═
2026-09-30 13:27:43,778 INFO     ___FILE_ONLY___ ═
2026-09-30 13:27:43,778 INFO     ___FILE_ONLY___ ═
2026-09-30 13:27:43,778 INFO     ___FILE_ONLY___ ═
2026-09-30 13:27:43,778 INFO     ___FILE_ONLY___ ═
2026-09-30 13:27:43,778 INFO     ___FILE_ONLY___ ═
2026-09-30 13:27:43,778 INFO     ___FILE_ONLY___ ═
2026-09-30 13:27:43,779 INFO     ___FILE_ONLY___ ═
2026-09-30 13:27:43,779 INFO     ___FILE_ONLY___ ═
2026-09-30 13:27:43,779 INFO     ___FILE_ONLY___ ═
2026-09-30 13:27:43,779 INFO     ___FILE_ONLY___ ═
2026-09-30 13:27:43,779 INFO     ___FILE_ONLY___ ═
2026-09-30 13:27:43,780 INFO     ___FILE_ONLY___ ═
2026-09-30 13:27:43,780 INFO     ___FILE_ONLY___ ═
2026-09-30 13:27:43,780 INFO     ___FILE_ONLY___ ═
2026-09-30 13:27:43,780 INFO     ___FILE_ONLY___ ═
2026-09-30 13:27:43,781 INFO     ___FILE_ONLY___ ═
2026-09-30 13:27:43,781 INFO     ___FILE_ONLY___ ═
2026-09-30 13:27:43,781 INFO     ___FILE_ONLY___ ═
2026-09-30 13:27:43,781 INFO     ___FILE_ONLY___ ═
2026-09-30 13:27:43,781 INFO     ___FILE_ONLY___ ═
2026-09-30 13:27:43,781 INFO     ___FILE_ONLY___ ═
2026-09-30 13:27:43,782 INFO     ___FILE_ONLY___ ═
2026-09-30 13:27:43,782 INFO     ___FILE_ONLY___ ═
2026-09-30 13:27:43,782 INFO     ___FILE_ONLY___ ═
2026-09-30 13:27:43,782 INFO     ___FILE_ONLY___ ═
2026-09-30 13:27:43,783 INFO     ___FILE_ONLY___ ═
2026-09-30 13:27:43,783 INFO     ___FILE_ONLY___ ═
2026-09-30 13:27:43,783 INFO     ___FILE_ONLY___ ═
2026-09-30 13:27:43,783 INFO     ___FILE_ONLY___ ═
2026-09-30 13:27:43,783 INFO     ___FILE_ONLY___ ═
2026-09-30 13:27:43,783 INFO     ___FILE_ONLY___ ═
2026-09-30 13:27:43,783 INFO     ___FILE_ONLY___ ═
2026-09-30 13:27:43,783 INFO     ___FILE_ONLY___ ═
2026-09-30 13:27:43,783 INFO     ___FILE_ONLY___ ═
2026-09-30 13:27:43,784 INFO     ___FILE_ONLY___ ═
2026-09-30 13:27:43,784 INFO     ___FILE_ONLY___ ═
2026-09-30 13:27:43,784 INFO     ___FILE_ONLY___ ═
2026-09-30 13:27:43,784 INFO     ___FILE_ONLY___ ═
2026-09-30 13:27:43,784 INFO     ___FILE_ONLY___ ═
2026-09-30 13:27:43,785 INFO     ___FILE_ONLY___ ═
2026-09-30 13:27:43,785 INFO     ___FILE_ONLY___ ═
2026-09-30 13:27:43,785 INFO     ___FILE_ONLY___ ═
2026-09-30 13:27:43,785 INFO     ___FILE_ONLY___ ═
2026-09-30 13:27:43,786 INFO     ___FILE_ONLY___ ═
2026-09-30 13:27:43,786 INFO     ___FILE_ONLY___ ═
2026-09-30 13:27:43,786 INFO     ___FILE_ONLY___ ═
2026-09-30 13:27:43,786 INFO     ___FILE_ONLY___ ═
2026-09-30 13:27:43,786 INFO     ___FILE_ONLY___ ═
2026-09-30 13:27:43,786 INFO     ___FILE_ONLY___ ═
2026-09-30 13:27:43,786 INFO     ___FILE_ONLY___ ═
2026-09-30 13:27:43,786 INFO     ___FILE_ONLY___ ═
2026-09-30 13:27:43,787 INFO     ___FILE_ONLY___ ═
2026-09-30 13:27:43,787 INFO     ___FILE_ONLY___ ═
2026-09-30 13:27:43,787 INFO     ___FILE_ONLY___ ═
2026-09-30 13:27:43,787 INFO     ___FILE_ONLY___ ═
2026-09-30 13:27:43,787 INFO     ___FILE_ONLY___ ═
2026-09-30 13:27:43,788 INFO     ___FILE_ONLY___ ═
2026-09-30 13:27:43,788 INFO     ___FILE_ONLY___ ╝

2026-09-30 13:27:43,791 INFO     ___FILE_ONLY___ ╔════════════════════════════════════════════════════════════╗

2026-09-30 13:27:43,792 INFO     ___FILE_ONLY___ ╠═ Downloading: gcloud cli dependencies (Platform Specific) ═╣

2026-09-30 13:27:43,792 INFO     ___FILE_ONLY___ ╚
2026-09-30 13:27:43,794 DEBUG    root            On GCE from memory cache: False
2026-09-30 13:27:43,797 DEBUG    root            On GCE from memory cache: False
2026-09-30 13:27:43,799 DEBUG    urllib3.connectionpool Starting new HTTPS connection (1): dl.google.com:443
2026-09-30 13:27:43,813 DEBUG    urllib3.connectionpool https://dl.google.com:443 "GET /dl/cloudsdk/channels/rapid/components/google-cloud-sdk-gcloud-deps-linux-x86_64-20210416153011.tar.gz HTTP/1.1" 200 104
2026-09-30 13:27:43,815 INFO     ___FILE_ONLY___ ════════════════════════════════════════════════════════════
2026-09-30 13:27:43,815 INFO     ___FILE_ONLY___ ╝

2026-09-30 13:27:43,819 INFO     ___FILE_ONLY___ ╔════════════════════════════════════════════════════════════╗

2026-09-30 13:27:43,819 INFO     ___FILE_ONLY___ ╠═ Installing: BigQuery Command Line Tool                   ═╣

2026-09-30 13:27:43,820 INFO     ___FILE_ONLY___ ╚
2026-09-30 13:27:44,094 INFO     ___FILE_ONLY___ ═
2026-09-30 13:27:44,101 INFO     ___FILE_ONLY___ ═
2026-09-30 13:27:44,109 INFO     ___FILE_ONLY___ ═
2026-09-30 13:27:44,117 INFO     ___FILE_ONLY___ ═
2026-09-30 13:27:44,124 INFO     ___FILE_ONLY___ ═
2026-09-30 13:27:44,131 INFO     ___FILE_ONLY___ ═
2026-09-30 13:27:44,136 INFO     ___FILE_ONLY___ ═
2026-09-30 13:27:44,144 INFO     ___FILE_ONLY___ ═
2026-09-30 13:27:44,152 INFO     ___FILE_ONLY___ ═
2026-09-30 13:27:44,159 INFO     ___FILE_ONLY___ ═
2026-09-30 13:27:44,166 INFO     ___FILE_ONLY___ ═
2026-09-30 13:27:44,172 INFO     ___FILE_ONLY___ ═
2026-09-30 13:27:44,179 INFO     ___FILE_ONLY___ ═
2026-09-30 13:27:44,186 INFO     ___FILE_ONLY___ ═
2026-09-30 13:27:44,193 INFO     ___FILE_ONLY___ ═
2026-09-30 13:27:44,201 INFO     ___FILE_ONLY___ ═
2026-09-30 13:27:44,207 INFO     ___FILE_ONLY___ ═
2026-09-30 13:27:44,213 INFO     ___FILE_ONLY___ ═
2026-09-30 13:27:44,222 INFO     ___FILE_ONLY___ ═
2026-09-30 13:27:44,230 INFO     ___FILE_ONLY___ ═
2026-09-30 13:27:44,237 INFO     ___FILE_ONLY___ ═
2026-09-30 13:27:44,245 INFO     ___FILE_ONLY___ ═
2026-09-30 13:27:44,251 INFO     ___FILE_ONLY___ ═
2026-09-30 13:27:44,259 INFO     ___FILE_ONLY___ ═
2026-09-30 13:27:44,264 INFO     ___FILE_ONLY___ ═
2026-09-30 13:27:44,271 INFO     ___FILE_ONLY___ ═
2026-09-30 13:27:44,276 INFO     ___FILE_ONLY___ ═
2026-09-30 13:27:44,281 INFO     ___FILE_ONLY___ ═
2026-09-30 13:27:44,287 INFO     ___FILE_ONLY___ ═
2026-09-30 13:27:44,292 INFO     ___FILE_ONLY___ ═
2026-09-30 13:27:44,297 INFO     ___FILE_ONLY___ ═
2026-09-30 13:27:44,303 INFO     ___FILE_ONLY___ ═
2026-09-30 13:27:44,308 INFO     ___FILE_ONLY___ ═
2026-09-30 13:27:44,317 INFO     ___FILE_ONLY___ ═
2026-09-30 13:27:44,323 INFO     ___FILE_ONLY___ ═
2026-09-30 13:27:44,329 INFO     ___FILE_ONLY___ ═
2026-09-30 13:27:44,336 INFO     ___FILE_ONLY___ ═
2026-09-30 13:27:44,346 INFO     ___FILE_ONLY___ ═
2026-09-30 13:27:44,352 INFO     ___FILE_ONLY___ ═
2026-09-30 13:27:44,366 INFO     ___FILE_ONLY___ ═
2026-09-30 13:27:44,379 INFO     ___FILE_ONLY___ ═
2026-09-30 13:27:44,386 INFO     ___FILE_ONLY___ ═
2026-09-30 13:27:44,412 INFO     ___FILE_ONLY___ ═
2026-09-30 13:27:44,418 INFO     ___FILE_ONLY___ ═
2026-09-30 13:27:44,425 INFO     ___FILE_ONLY___ ═
2026-09-30 13:27:44,436 INFO     ___FILE_ONLY___ ═
2026-09-30 13:27:44,442 INFO     ___FILE_ONLY___ ═
2026-09-30 13:27:44,451 INFO     ___FILE_ONLY___ ═
2026-09-30 13:27:44,459 INFO     ___FILE_ONLY___ ═
2026-09-30 13:27:44,465 INFO     ___FILE_ONLY___ ═
2026-09-30 13:27:44,472 INFO     ___FILE_ONLY___ ═
2026-09-30 13:27:44,478 INFO     ___FILE_ONLY___ ═
2026-09-30 13:27:44,485 INFO     ___FILE_ONLY___ ═
2026-09-30 13:27:44,491 INFO     ___FILE_ONLY___ ═
2026-09-30 13:27:44,497 INFO     ___FILE_ONLY___ ═
2026-09-30 13:27:44,505 INFO     ___FILE_ONLY___ ═
2026-09-30 13:27:44,512 INFO     ___FILE_ONLY___ ═
2026-09-30 13:27:44,518 INFO     ___FILE_ONLY___ ═
2026-09-30 13:27:44,524 INFO     ___FILE_ONLY___ ═
2026-09-30 13:27:44,530 INFO     ___FILE_ONLY___ ═
2026-09-30 13:27:44,530 INFO     ___FILE_ONLY___ ╝

2026-09-30 13:27:44,552 INFO     ___FILE_ONLY___ ╔════════════════════════════════════════════════════════════╗

2026-09-30 13:27:44,552 INFO     ___FILE_ONLY___ ╠═ Installing: BigQuery Command Line Tool (Platform Spec... ═╣

2026-09-30 13:27:44,553 INFO     ___FILE_ONLY___ ╚
2026-09-30 13:27:44,555 INFO     ___FILE_ONLY___ ════════════════════════════════════════════════════════════
2026-09-30 13:27:44,555 INFO     ___FILE_ONLY___ ╝

2026-09-30 13:27:44,567 INFO     ___FILE_ONLY___ ╔════════════════════════════════════════════════════════════╗

2026-09-30 13:27:44,567 INFO     ___FILE_ONLY___ ╠═ Installing: Bundled Python 3.14                          ═╣

2026-09-30 13:27:44,568 INFO     ___FILE_ONLY___ ╚
2026-09-30 13:27:44,575 INFO     ___FILE_ONLY___ ════════════════════════════════════════════════════════════
2026-09-30 13:27:44,576 INFO     ___FILE_ONLY___ ╝

2026-09-30 13:27:44,579 INFO     ___FILE_ONLY___ ╔════════════════════════════════════════════════════════════╗

2026-09-30 13:27:44,579 INFO     ___FILE_ONLY___ ╠═ Installing: Bundled Python 3.14 (Platform Specific)      ═╣

2026-09-30 13:27:44,580 INFO     ___FILE_ONLY___ ╚
2026-09-30 13:27:46,799 INFO     ___FILE_ONLY___ ═
2026-09-30 13:27:46,832 INFO     ___FILE_ONLY___ ═
2026-09-30 13:27:46,874 INFO     ___FILE_ONLY___ ═
2026-09-30 13:27:46,924 INFO     ___FILE_ONLY___ ═
2026-09-30 13:27:47,031 INFO     ___FILE_ONLY___ ═
2026-09-30 13:27:47,066 INFO     ___FILE_ONLY___ ═
2026-09-30 13:27:47,101 INFO     ___FILE_ONLY___ ═
2026-09-30 13:27:47,131 INFO     ___FILE_ONLY___ ═
2026-09-30 13:27:47,303 INFO     ___FILE_ONLY___ ═
2026-09-30 13:27:47,599 INFO     ___FILE_ONLY___ ═
2026-09-30 13:27:47,628 INFO     ___FILE_ONLY___ ═
2026-09-30 13:27:47,677 INFO     ___FILE_ONLY___ ═
2026-09-30 13:27:47,712 INFO     ___FILE_ONLY___ ═
2026-09-30 13:27:47,748 INFO     ___FILE_ONLY___ ═
2026-09-30 13:27:47,784 INFO     ___FILE_ONLY___ ═
2026-09-30 13:27:47,817 INFO     ___FILE_ONLY___ ═
2026-09-30 13:27:47,854 INFO     ___FILE_ONLY___ ═
2026-09-30 13:27:47,891 INFO     ___FILE_ONLY___ ═
2026-09-30 13:27:47,933 INFO     ___FILE_ONLY___ ═
2026-09-30 13:27:47,983 INFO     ___FILE_ONLY___ ═
2026-09-30 13:27:48,008 INFO     ___FILE_ONLY___ ═
2026-09-30 13:27:48,032 INFO     ___FILE_ONLY___ ═
2026-09-30 13:27:48,057 INFO     ___FILE_ONLY___ ═
2026-09-30 13:27:48,079 INFO     ___FILE_ONLY___ ═
2026-09-30 13:27:48,101 INFO     ___FILE_ONLY___ ═
2026-09-30 13:27:48,121 INFO     ___FILE_ONLY___ ═
2026-09-30 13:27:48,144 INFO     ___FILE_ONLY___ ═
2026-09-30 13:27:48,164 INFO     ___FILE_ONLY___ ═
2026-09-30 13:27:48,187 INFO     ___FILE_ONLY___ ═
2026-09-30 13:27:48,212 INFO     ___FILE_ONLY___ ═
2026-09-30 13:27:48,235 INFO     ___FILE_ONLY___ ═
2026-09-30 13:27:48,257 INFO     ___FILE_ONLY___ ═
2026-09-30 13:27:48,279 INFO     ___FILE_ONLY___ ═
2026-09-30 13:27:48,301 INFO     ___FILE_ONLY___ ═
2026-09-30 13:27:48,326 INFO     ___FILE_ONLY___ ═
2026-09-30 13:27:48,352 INFO     ___FILE_ONLY___ ═
2026-09-30 13:27:48,376 INFO     ___FILE_ONLY___ ═
2026-09-30 13:27:48,397 INFO     ___FILE_ONLY___ ═
2026-09-30 13:27:48,419 INFO     ___FILE_ONLY___ ═
2026-09-30 13:27:48,445 INFO     ___FILE_ONLY___ ═
2026-09-30 13:27:48,468 INFO     ___FILE_ONLY___ ═
2026-09-30 13:27:48,488 INFO     ___FILE_ONLY___ ═
2026-09-30 13:27:48,507 INFO     ___FILE_ONLY___ ═
2026-09-30 13:27:48,528 INFO     ___FILE_ONLY___ ═
2026-09-30 13:27:48,549 INFO     ___FILE_ONLY___ ═
2026-09-30 13:27:48,571 INFO     ___FILE_ONLY___ ═
2026-09-30 13:27:48,593 INFO     ___FILE_ONLY___ ═
2026-09-30 13:27:48,615 INFO     ___FILE_ONLY___ ═
2026-09-30 13:27:48,635 INFO     ___FILE_ONLY___ ═
2026-09-30 13:27:48,658 INFO     ___FILE_ONLY___ ═
2026-09-30 13:27:48,679 INFO     ___FILE_ONLY___ ═
2026-09-30 13:27:48,702 INFO     ___FILE_ONLY___ ═
2026-09-30 13:27:48,725 INFO     ___FILE_ONLY___ ═
2026-09-30 13:27:48,746 INFO     ___FILE_ONLY___ ═
2026-09-30 13:27:48,768 INFO     ___FILE_ONLY___ ═
2026-09-30 13:27:48,792 INFO     ___FILE_ONLY___ ═
2026-09-30 13:27:48,819 INFO     ___FILE_ONLY___ ═
2026-09-30 13:27:48,852 INFO     ___FILE_ONLY___ ═
2026-09-30 13:27:48,879 INFO     ___FILE_ONLY___ ═
2026-09-30 13:27:49,179 INFO     ___FILE_ONLY___ ═
2026-09-30 13:27:49,179 INFO     ___FILE_ONLY___ ╝

2026-09-30 13:27:49,282 INFO     ___FILE_ONLY___ ╔════════════════════════════════════════════════════════════╗

2026-09-30 13:27:49,283 INFO     ___FILE_ONLY___ ╠═ Installing: Cloud Storage Command Line Tool              ═╣

2026-09-30 13:27:49,283 INFO     ___FILE_ONLY___ ╚
2026-09-30 13:27:50,244 INFO     ___FILE_ONLY___ ═
2026-09-30 13:27:50,263 INFO     ___FILE_ONLY___ ═
2026-09-30 13:27:50,286 INFO     ___FILE_ONLY___ ═
2026-09-30 13:27:50,306 INFO     ___FILE_ONLY___ ═
2026-09-30 13:27:50,323 INFO     ___FILE_ONLY___ ═
2026-09-30 13:27:50,392 INFO     ___FILE_ONLY___ ═
2026-09-30 13:27:50,419 INFO     ___FILE_ONLY___ ═
2026-09-30 13:27:50,451 INFO     ___FILE_ONLY___ ═
2026-09-30 13:27:50,480 INFO     ___FILE_ONLY___ ═
2026-09-30 13:27:50,512 INFO     ___FILE_ONLY___ ═
2026-09-30 13:27:50,547 INFO     ___FILE_ONLY___ ═
2026-09-30 13:27:50,570 INFO     ___FILE_ONLY___ ═
2026-09-30 13:27:50,595 INFO     ___FILE_ONLY___ ═
2026-09-30 13:27:50,613 INFO     ___FILE_ONLY___ ═
2026-09-30 13:27:50,634 INFO     ___FILE_ONLY___ ═
2026-09-30 13:27:50,673 INFO     ___FILE_ONLY___ ═
2026-09-30 13:27:50,700 INFO     ___FILE_ONLY___ ═
2026-09-30 13:27:50,718 INFO     ___FILE_ONLY___ ═
2026-09-30 13:27:50,742 INFO     ___FILE_ONLY___ ═
2026-09-30 13:27:50,765 INFO     ___FILE_ONLY___ ═
2026-09-30 13:27:50,785 INFO     ___FILE_ONLY___ ═
2026-09-30 13:27:50,811 INFO     ___FILE_ONLY___ ═
2026-09-30 13:27:50,833 INFO     ___FILE_ONLY___ ═
2026-09-30 13:27:50,858 INFO     ___FILE_ONLY___ ═
2026-09-30 13:27:50,879 INFO     ___FILE_ONLY___ ═
2026-09-30 13:27:50,902 INFO     ___FILE_ONLY___ ═
2026-09-30 13:27:50,922 INFO     ___FILE_ONLY___ ═
2026-09-30 13:27:50,952 INFO     ___FILE_ONLY___ ═
2026-09-30 13:27:50,984 INFO     ___FILE_ONLY___ ═
2026-09-30 13:27:51,009 INFO     ___FILE_ONLY___ ═
2026-09-30 13:27:51,034 INFO     ___FILE_ONLY___ ═
2026-09-30 13:27:51,074 INFO     ___FILE_ONLY___ ═
2026-09-30 13:27:51,105 INFO     ___FILE_ONLY___ ═
2026-09-30 13:27:51,141 INFO     ___FILE_ONLY___ ═
2026-09-30 13:27:51,157 INFO     ___FILE_ONLY___ ═
2026-09-30 13:27:51,171 INFO     ___FILE_ONLY___ ═
2026-09-30 13:27:51,181 INFO     ___FILE_ONLY___ ═
2026-09-30 13:27:51,192 INFO     ___FILE_ONLY___ ═
2026-09-30 13:27:51,223 INFO     ___FILE_ONLY___ ═
2026-09-30 13:27:51,237 INFO     ___FILE_ONLY___ ═
2026-09-30 13:27:51,248 INFO     ___FILE_ONLY___ ═
2026-09-30 13:27:51,258 INFO     ___FILE_ONLY___ ═
2026-09-30 13:27:51,268 INFO     ___FILE_ONLY___ ═
2026-09-30 13:27:51,278 INFO     ___FILE_ONLY___ ═
2026-09-30 13:27:51,289 INFO     ___FILE_ONLY___ ═
2026-09-30 13:27:51,299 INFO     ___FILE_ONLY___ ═
2026-09-30 13:27:51,308 INFO     ___FILE_ONLY___ ═
2026-09-30 13:27:51,317 INFO     ___FILE_ONLY___ ═
2026-09-30 13:27:51,328 INFO     ___FILE_ONLY___ ═
2026-09-30 13:27:51,349 INFO     ___FILE_ONLY___ ═
2026-09-30 13:27:51,379 INFO     ___FILE_ONLY___ ═
2026-09-30 13:27:51,404 INFO     ___FILE_ONLY___ ═
2026-09-30 13:27:51,429 INFO     ___FILE_ONLY___ ═
2026-09-30 13:27:51,458 INFO     ___FILE_ONLY___ ═
2026-09-30 13:27:51,488 INFO     ___FILE_ONLY___ ═
2026-09-30 13:27:51,520 INFO     ___FILE_ONLY___ ═
2026-09-30 13:27:51,549 INFO     ___FILE_ONLY___ ═
2026-09-30 13:27:51,590 INFO     ___FILE_ONLY___ ═
2026-09-30 13:27:51,622 INFO     ___FILE_ONLY___ ═
2026-09-30 13:27:51,660 INFO     ___FILE_ONLY___ ═
2026-09-30 13:27:51,660 INFO     ___FILE_ONLY___ ╝

2026-09-30 13:27:51,714 INFO     ___FILE_ONLY___ ╔════════════════════════════════════════════════════════════╗

2026-09-30 13:27:51,714 INFO     ___FILE_ONLY___ ╠═ Installing: Cloud Storage Command Line Tool (Platform... ═╣

2026-09-30 13:27:51,715 INFO     ___FILE_ONLY___ ╚
2026-09-30 13:27:51,716 INFO     ___FILE_ONLY___ ════════════════════════════════════════════════════════════
2026-09-30 13:27:51,716 INFO     ___FILE_ONLY___ ╝

2026-09-30 13:27:51,724 INFO     ___FILE_ONLY___ ╔════════════════════════════════════════════════════════════╗

2026-09-30 13:27:51,724 INFO     ___FILE_ONLY___ ╠═ Installing: Default set of gcloud commands               ═╣

2026-09-30 13:27:51,724 INFO     ___FILE_ONLY___ ╚
2026-09-30 13:27:51,729 INFO     ___FILE_ONLY___ ════════════════════════════════════════════════════════════
2026-09-30 13:27:51,729 INFO     ___FILE_ONLY___ ╝

2026-09-30 13:27:51,733 INFO     ___FILE_ONLY___ ╔════════════════════════════════════════════════════════════╗

2026-09-30 13:27:51,733 INFO     ___FILE_ONLY___ ╠═ Installing: Default set of gcloud commands (Platform ... ═╣

2026-09-30 13:27:51,733 INFO     ___FILE_ONLY___ ╚
2026-09-30 13:27:51,734 INFO     ___FILE_ONLY___ ════════════════════════════════════════════════════════════
2026-09-30 13:27:51,734 INFO     ___FILE_ONLY___ ╝

2026-09-30 13:27:51,744 INFO     ___FILE_ONLY___ ╔════════════════════════════════════════════════════════════╗

2026-09-30 13:27:51,744 INFO     ___FILE_ONLY___ ╠═ Installing: Google Cloud CLI Core Libraries (Platform... ═╣

2026-09-30 13:27:51,745 INFO     ___FILE_ONLY___ ╚
2026-09-30 13:27:51,746 INFO     ___FILE_ONLY___ ══════════════════════════════
2026-09-30 13:27:51,747 INFO     ___FILE_ONLY___ ══════════════════════════════
2026-09-30 13:27:51,747 INFO     ___FILE_ONLY___ ╝

2026-09-30 13:27:51,756 INFO     ___FILE_ONLY___ ╔════════════════════════════════════════════════════════════╗

2026-09-30 13:27:51,756 INFO     ___FILE_ONLY___ ╠═ Installing: Google Cloud CRC32C Hash Tool                ═╣

2026-09-30 13:27:51,756 INFO     ___FILE_ONLY___ ╚
2026-09-30 13:27:51,762 INFO     ___FILE_ONLY___ ════════════════════════════════════════════════════════════
2026-09-30 13:27:51,762 INFO     ___FILE_ONLY___ ╝

2026-09-30 13:27:51,766 INFO     ___FILE_ONLY___ ╔════════════════════════════════════════════════════════════╗

2026-09-30 13:27:51,766 INFO     ___FILE_ONLY___ ╠═ Installing: Google Cloud CRC32C Hash Tool (Platform S... ═╣

2026-09-30 13:27:51,766 INFO     ___FILE_ONLY___ ╚
2026-09-30 13:27:51,829 INFO     ___FILE_ONLY___ ══════════════════════════════
2026-09-30 13:27:51,830 INFO     ___FILE_ONLY___ ══════════════════════════════
2026-09-30 13:27:51,830 INFO     ___FILE_ONLY___ ╝

2026-09-30 13:27:51,841 INFO     ___FILE_ONLY___ ╔════════════════════════════════════════════════════════════╗

2026-09-30 13:27:51,841 INFO     ___FILE_ONLY___ ╠═ Installing: gcloud cli dependencies (Platform Specific)  ═╣

2026-09-30 13:27:51,841 INFO     ___FILE_ONLY___ ╚
2026-09-30 13:27:51,841 INFO     ___FILE_ONLY___ ════════════════════════════════════════════════════════════
2026-09-30 13:27:51,841 INFO     ___FILE_ONLY___ ╝

2026-09-30 13:27:51,855 DEBUG    root            Updating notification cache...
2026-09-30 13:27:51,856 INFO     ___FILE_ONLY___ 

2026-09-30 13:27:51,859 INFO     ___FILE_ONLY___ Performing post processing steps...
2026-09-30 13:27:51,860 DEBUG    root            Executing command: ['/tools/google-cloud-sdk/bin/gcloud', 'components', 'post-process']
2026-09-30 13:28:05,235 DEBUG    ___FILE_ONLY___ 
2026-09-30 13:28:05,236 DEBUG    ___FILE_ONLY___ 
2026-09-30 13:28:05,446 INFO     root            descriptor_list: [{'universeDomain': 'googleapis.com', 'universeShortName': '', 'authenticationDomain': 'auth.cloud.google.com', 'projectPrefix': '', 'cloudWebDomain': 'cloud.google.com', 'documentationDomain': 'cloud.google.com', 'version': '1.0.0', 'state': 'primary', 'artifactRegistryDomain': 'pkg.dev'}]
2026-09-30 13:28:05,449 INFO     ___FILE_ONLY___ 
Update done!


2026-09-30 13:28:05,459 DEBUG    root            Chosen display Format:none
2026-09-30 13:28:05,460 INFO     root            Display format: "none"
